
> calrouter@0.1.0 build
> next build

▲ Next.js 16.1.2 (Turbopack)
- Environments: .env
- Experiments (use with caution):
  · optimizePackageImports
  ✓ webpackBuildWorker

  Creating an optimized production build ...
✓ Compiled successfully in 10.1s
  Running TypeScript ...
